begin;
    with req as (
        select net.http_get('net://supabase.io') as id
    )
    select
        net.http_cancel_request(id) is not null
    from
        req;
 ?column? 
----------
 t
(1 row)

rollback;
