create extension curl_worker cascade;
NOTICE:  installing required extension "uuid-ossp"
