begin;
    with req as (
        select http.async_get('http://supabase.io') as id
    )
    select
        http.cancel_request(id)
    from
        req;
 cancel_request 
----------------
              2
(1 row)

    select
        *
    from
        http.request_queue;
 id | url | params | headers | timeout_seconds | curl_opts | is_completed | delete_after 
----+-----+--------+---------+-----------------+-----------+--------------+--------------
(0 rows)

rollback;
