begin;
    select net.async_get('http://supabase.io');
 async_get 
-----------
         1
(1 row)

    select
        id, url
    from
        net.request_queue;
 id |        url         
----+--------------------
  1 | http://supabase.io
(1 row)

rollback
